// Jest Snapshot v1, https://goo.gl/fbAQLP

exports[`CronScheduleBuilder Renders without error 1`] = `
<div>
  <TextInput
    error="Frequency is required"
    formHelperLink="https://cloud.google.com/scheduler/docs/configuring/cron-job-schedules"
    formHelperText="Schedule is specified using unix-cron format. You can define a schedule
        so that your execution runs multiple times a day, or runs on specific
        days and months."
    hasError={true}
    label="Schedule"
    name="schedule"
    onChange={[Function]}
    value=""
  />
</div>
`;
